C51 COMPILER V7.06   MAIN                                                                  09/25/2013 08:07:19 PAGE 1   


C51 COMPILER V7.06, COMPILATION OF MODULE MAIN
OBJECT MODULE PLACED IN main.OBJ
COMPILER INVOKED BY: D:\Program Files (x86)\C51\BIN\C51.EXE main.c BROWSE DEBUG OBJECTEXTEND

stmt level    source

   1          //公司：合肥炜煌电子有限公司
   2          //网址：www.hfwhdz.com
   3          /*===================================================================================================  
   4          工程名称：  Ex4 SD_PIC_SHOW
   5          功能描述：      触摸控制SD卡显示多张图片
   6          硬件连接：  查看和修改接口定义在NBCTFT.C和SD.C中,请仔细检查接口连线。
   7                ----------------------------------------
   8               |     --------TFT控制接线----------      |
   9               |          D10~D17   接   P0             |
  10               |          RS        接   P2^5;          |
  11               |                  RW        接   P2^4;          |
  12               |                  RD        接   P2^3;          |
  13               |              CS        接   P2^2;              |
  14               |                  RES       接   P2^1;          |
  15               |                                        |
  16               |                  LE        接   P2^0;          |
  17               |                                        |
  18               |     --------电源供电接线---------      |
  19               |          GND       接   电源负极       |
  20               |          VIN       接   电源正极(5V)   |
  21               |----------------------------------------|
  22               | 如果在NBC开发板上使用，以上线不需用飞  |
  23               | 线连接，直接插接在开发板上的12864接口  |
  24               | 后只需连接以下接线                     |
  25               |----------------------------------------|
  26               |     --------SD卡控制接线----------     |
  27               |          SDCS      接   P1^3;          |
  28               |                  SDDI      接   P1^2;          |
  29               |                  SCK       接   P1^1;          |
  30               |              SDDO      接   P1^0;              |
  31               |                                        |
  32               |     --------触摸控制接线----------     |
  33               |          PEN       接   P3^7;          |
  34               |                                        |
  35                    ----------------------------------------
  36          维护记录：  2012-3-14
  37          ====================================================================================================*/
  38          
  39          //******************包含头文件***************************
  40          #include <reg52.h>
  41          #include <NBCTFT.H>
  42          #include <SD.H>
  43          
  44          
  45          //******************全局变量***************************
  46          
  47          #define White          0xFFFF   //LCD color
  48          #define Black          0x0000
  49          #define Blue           0x001F
  50          #define Blue2          0x051F
  51          #define Red            0xF800
  52          #define Magenta        0xF81F
  53          #define Green          0x07E0
  54          #define Cyan           0x7FFF
  55          #define Yellow         0xFFE0
C51 COMPILER V7.06   MAIN                                                                  09/25/2013 08:07:19 PAGE 2   

  56          
  57          unsigned int Device_code;      //TFT控制IC型号
  58          
  59          
  60          //================================================================================================
  61          //      函数名称：      主函数
  62          //      实现功能：      触摸控制SD卡显示多张图片
  63          //      参数：          无
  64          //      返回值：        无
  65          //================================================================================================
  66                  
  67          main()
  68          {
  69   1              unsigned int x,y; //定义液晶屏坐标
  70   1              unsigned long j;  //执行循环需要的临时变量
  71   1              unsigned int i;
  72   1              unsigned long AddTemp=288256;//SD卡地址第一个数据物理地址初始值，可以用winhex查看,
  73   1                                       //这里是第563扇区，每个扇区512字节，563x512=288256，根据实际SD卡内容更改
  74   1              Device_code=0x9320;    
  75   1            
  76   1          TFT_Initial();               //初始化LCD     
  77   1          CLR_Screen(Blue);            //用背景色清屏
  78   1              SdInit();                    //SD卡初始化
  79   1         
  80   1          while(1)
  81   1              {
  82   2      
  83   2               for(j=0;j<300;j++)   //300表示一幅图片含有300x512(320x240x2)字节的信息
  84   2           {
  85   3            SdReadBlock(DATA,AddTemp+(j*512),512);//每次读出512字节放到缓冲区
  86   3            for(i=0;i<256;i++)                    //然后写到液晶屏，可以显示256个像素，每个像素16位即2个字节
  87   3                 {   
  88   4                  LCD_SetPos(x,x,y,y);
  89   4                  Write_Data(DATA[2*i+1],DATA[2*i]);   
  90   4                  x++;
  91   4                  if(x==240)                         //检测是否写到屏的边缘 240x320
  92   4                   {
  93   5                    y++;
  94   5                    x=0;
  95   5                    if(y==320)
  96   5                    y=0;
  97   5                   }
  98   4             }
  99   3           } 
 100   2          // AddTemp = AddTemp+((j+20)*512);  //写完一幅图片后把SD地址加300x512到下一个图片地址
 101   2              AddTemp = AddTemp+(j*512);          //32M的SD卡增加为300，其他SD卡实际增加值为320
 102   2          while(PEN);                         //等待按键按下继续执行循环显示下一幅图片，如果没有按下则等待
 103   2       } 
 104   1      }


MODULE INFORMATION:   STATIC OVERLAYABLE
   CODE SIZE        =    294    ----
   CONSTANT SIZE    =   ----    ----
   XDATA SIZE       =   ----    ----
   PDATA SIZE       =   ----    ----
   DATA SIZE        =      2      14
   IDATA SIZE       =   ----    ----
   BIT SIZE         =   ----    ----
END OF MODULE INFORMATION.


C51 COMPILATION COMPLETE.  0 WARNING(S),  0 ERROR(S)
