C51 COMPILER V7.06   SD                                                                    09/25/2013 08:07:19 PAGE 1   


C51 COMPILER V7.06, COMPILATION OF MODULE SD
OBJECT MODULE PLACED IN SD.OBJ
COMPILER INVOKED BY: D:\Program Files (x86)\C51\BIN\C51.EXE SD.C BROWSE DEBUG OBJECTEXTEND

stmt level    source

   1          //公司：合肥炜煌电子有限公司
   2          //网址：www.hfwhdz.com
   3          /*===================================================================================================  
   4          文件功能描述：控制实现SD卡数据读写
   5          ====================================================================================================*/
   6          
   7          //******************包含头文件***************************
   8          #include <reg52.h>
   9          
  10          //**************控制端口定义********************
  11          //定义SD卡引脚定义
  12          sbit SD_DO  = P1^0;
  13          sbit SD_CLK = P1^1;
  14          sbit SD_DI  = P1^2;
  15          sbit SD_CS  = P1^3;
  16          
  17          //定义触摸控制翻页
  18          sbit PEN    = P3^7;
  19          
  20          
  21          //******************全局变量***************************
  22          unsigned char xdata DATA[512];//定义512字节缓冲区，注意需要使用 xdata关键字
  23          
  24          
  25          
  26          
  27          //================================================================================================
  28          //      实现功能：      写一字节到SD卡,模拟SPI总线方式
  29          //      输入参数：      n 待写入数据
  30          //================================================================================================
  31          void SdWrite(unsigned char n)
  32          {
  33   1      
  34   1              unsigned char i;
  35   1      
  36   1          for(i=0;i<8;i++)
  37   1              {
  38   2               SD_CLK=0;
  39   2               SD_DI=(n&0x80);
  40   2               n<<=1;
  41   2               SD_CLK=1;
  42   2              }
  43   1              
  44   1          SD_DI=1; 
  45   1      } 
  46          
  47          //================================================================================================
  48          //      实现功能：      从SD卡读一字节,模拟SPI总线方式
  49          //      返回参数：      n 读取的8位数据
  50          //================================================================================================
  51          unsigned char SdRead()
  52          {
  53   1              unsigned char n,i;
  54   1          for(i=0;i<8;i++)
  55   1              {
C51 COMPILER V7.06   SD                                                                    09/25/2013 08:07:19 PAGE 2   

  56   2               SD_CLK=0;
  57   2               SD_CLK=1;
  58   2               n<<=1;
  59   2               if(SD_DO) n|=1;
  60   2              }
  61   1              return n;
  62   1      }
  63          
  64          //================================================================================================
  65          //实现功能：读取SD卡的响应
  66          //返回参数：response 响应标志
  67          //================================================================================================
  68          unsigned char SdResponse()
  69          {
  70   1          unsigned char response,time=0;;
  71   1          
  72   1          do
  73   1          {  
  74   2            response=SdRead();
  75   2            time++;
  76   2          }
  77   1          while((response==0xff)&&(time<100));//100次以内尝试读取响应
  78   1      
  79   1          return response;      //返回读取的数据
  80   1      
  81   1      } 
  82          
  83          //================================================================================================
  84          //实现功能：发命令到SD卡
  85          //================================================================================================
  86          void SdCommand(unsigned char command, unsigned long argument, unsigned char CRC)
  87          { 
  88   1              unsigned char i,a[6];
  89   1              
  90   1              a[0]=command|0x40;
  91   1              a[1]=((argument&0xff000000)>>24);
  92   1              a[2]=((argument&0x00ff0000)>>16);
  93   1              a[3]=((argument&0x0000ff00)>>8);
  94   1              a[4]=  argument&0x000000ff;
  95   1              a[5]=  CRC;
  96   1              
  97   1              for(i=0;i<6;i++)
  98   1              {   
  99   2                   SdWrite(a[i]);
 100   2              }
 101   1      }
 102          
 103          //================================================================================================
 104          //实现功能：初始化SD卡（参考SD卡初始化时序）
 105          //================================================================================================
 106          unsigned char SdInit(void)
 107          {
 108   1              unsigned char i,time=0;
 109   1              unsigned char response=0x01;
 110   1             
 111   1              //send CMD0,如果response=0x01则SD卡成功转到SPI模式 
 112   1              do
 113   1              {
 114   2               SD_CS=1;
 115   2               for(i=0;i<=9;i++)       //复位时最少写入74个时钟周期
 116   2                   SdWrite(0xff);
 117   2               SD_CS=0;                //复位后CS拉低
C51 COMPILER V7.06   SD                                                                    09/25/2013 08:07:19 PAGE 3   

 118   2              
 119   2               SdCommand(0x00,0,0x95); //Send Command 0 to put MMC in SPI mode
 120   2               response=SdResponse();
 121   2               
 122   2               time++;
 123   2              }
 124   1              while((response!=0x01)&&(time<100));   //等待命令CMD0的响应
 125   1              if(time==100)return 0;   //100次仍然不能得到命令CMD0的响应,超时退出
 126   1      
 127   1              
 128   1              //SD卡在进入SPI模式后，激活命令为Cmd1
 129   1              do
 130   1              {
 131   2               SdWrite(0xff);          //补偿8个时钟
 132   2               SdCommand(0x01,0,0xff); //send CMD1
 133   2               response=SdResponse();
 134   2              } while(response!=0x00); //等待返回0x00
 135   1      
 136   1              //最后CS拉高
 137   1              SD_CS=1;
 138   1              SdWrite(0xff);           //补偿8个时钟
 139   1              return 1;                //初始化成功，返回成功信号1
 140   1      }
 141          
 142          //================================================================================================
 143          //实现功能：从SD卡指定地址读取数据,一次最多512字节（参考SD卡读时序）
 144          //================================================================================================
 145          unsigned char SdReadBlock(unsigned char *Block, unsigned long address,unsigned int len)
 146          {
 147   1              unsigned int count;
 148   1      
 149   1              SD_CS=0;       //使能SD卡
 150   1      
 151   1              SdCommand(17,address,0xff);//send command 17读扇区命令
 152   1             
 153   1              if(SdResponse()==00)//command was a success - now send data
 154   1              {
 155   2               while(SdRead()!=0xfe); //等待数据的起始令牌号
 156   2               for(count=0;count<len;count++) *Block++=SdRead(); //读512个数据 
 157   2              
 158   2               SD_CS=1;
 159   2               return 1;
 160   2              }
 161   1              return 0;
 162   1      }


MODULE INFORMATION:   STATIC OVERLAYABLE
   CODE SIZE        =    321    ----
   CONSTANT SIZE    =   ----    ----
   XDATA SIZE       =    512    ----
   PDATA SIZE       =   ----    ----
   DATA SIZE        =   ----      21
   IDATA SIZE       =   ----    ----
   BIT SIZE         =   ----    ----
END OF MODULE INFORMATION.


C51 COMPILATION COMPLETE.  0 WARNING(S),  0 ERROR(S)
