C51 COMPILER V7.06   TP                                                                    09/25/2013 08:06:14 PAGE 1   


C51 COMPILER V7.06, COMPILATION OF MODULE TP
OBJECT MODULE PLACED IN TP.OBJ
COMPILER INVOKED BY: D:\Program Files (x86)\C51\BIN\C51.EXE TP.C BROWSE DEBUG OBJECTEXTEND

stmt level    source

   1          //公司：合肥炜煌电子有限公司
   2          //网址：hfwhdz.com
   3          /*===================================================================================================  
   4          文件功能描述：320x240TFT触摸板控制程序，实现触摸位置坐标采集。
   5          ====================================================================================================*/
   6          //******************包含头文件***************************
   7          #include <reg51.h>
   8          
   9          //**************触摸控制端口定义********************
  10          sbit DCLK          =    P3^7;   
  11          sbit CS        =    P3^6;
  12          sbit DIN       =    P3^5;
  13          sbit BUSY      =    P3^4;       
  14          sbit DOUT      =    P3^3;                                                                                                                                                                                  
  15          sbit Penirq    =    P3^2;   //触碰触摸屏时，ADS7843Penirq引脚由未触摸时的高电平变为低电平
  16          
  17          
  18          //******************全局变量***************************
  19          struct struct1              //定义一个类型名为struct1的结构,包含两个成员x和y
  20          {
  21                  unsigned int x;         //成员x
  22                  unsigned int y;         //成员y
  23          };                   
  24          
  25          struct struct1 coordinate;      //定义一个名为Tp_pix的结构变量,用于存放触摸点采样结果
  26          unsigned int  lx,ly;            //根据采集到的参数转换为TFT上的实际坐标值
  27                                                                  
  28          //Xmin、max和Ymin、Ymax分别是触摸屏横纵坐标的最小/最大值,如果偏差大时，用户可重新标定
  29          #define Xmin           0x0133
  30          #define Xmax           0x0EDA
  31          #define Ymin           0x00D0
  32          #define Ymax           0x0E2F
  33          
  34          
  35          //================================================================================================
  36          //      实现功能：延时
  37          //================================================================================================
  38          void delay(unsigned int i)
  39          {
  40   1          while(i--);
  41   1      }
  42          //================================================================================================
  43          //      实现功能：      ADS7843启动
  44          //================================================================================================
  45          void start_7843()                
  46          {
  47   1              DCLK=0;
  48   1          CS=1;
  49   1              DIN=1;
  50   1              DCLK=1;
  51   1              CS=0;
  52   1      }
  53          
  54          //================================================================================================
  55          //      实现功能：      写8位命令到触摸控制IC
C51 COMPILER V7.06   TP                                                                    09/25/2013 08:06:14 PAGE 2   

  56          //      输入参数：  temp 需要写入的8位控制命令
  57          //================================================================================================
  58          void Write_7843(unsigned char temp)          //SPI写8位命令到触摸控制IC
  59          {
  60   1              unsigned char i=0;
  61   1      
  62   1              for(i=0;i<8;i++)                         //循环8次写入一字节
  63   1                      {
  64   2                          if(temp&0x80)DIN=1;else DIN=0;   //判断最高位是否为1,为1则向数据位写1
  65   2                              DCLK=0; delay(1);                //送一个脉冲，上升沿有效，将DIN位数据送入到IC
  66   2                              DCLK=1; delay(1);                
  67   2                              temp<<=1;                        //待写数据左移1位，准备好写下一位数据
  68   2                      }
  69   1      }
  70          
  71          //================================================================================================
  72          //      实现功能：      从触摸控制IC读8位数据到控制器
  73          //      返回参数：  temp 需要写入的8位控制命令
  74          //================================================================================================
  75          unsigned int Read_7843()                     //SPI 读数据
  76          {
  77   1              unsigned char i=0;
  78   1              unsigned int temp=0;
  79   1      
  80   1              for(i=0;i<12;i++)                        //循环12次读取12位结果
  81   1               { 
  82   2             temp<<=1;                             //temp左移一位，准备读取下一位
  83   2                 DCLK=1; delay(1);                     //下降沿有效
  84   2                 DCLK=0; delay(1);
  85   2                 if(DOUT) temp++;                      //判断控制IC送出的一位数据是否为1,如果为1,赋给temp的最低位
  86   2           }
  87   1          return(temp);                            //返回结果
  88   1      }       
  89          
  90          //================================================================================================
  91          //      实现功能：读取触摸点X轴和Y轴电压值
  92          //      返回参数：pix 读取到的触摸点电压值
  93          //================================================================================================
  94          struct struct1 AD7843()            
  95          {
  96   1              struct struct1 pix;
  97   1              CS=0;
  98   1      
  99   1              Write_7843(0x90);        //送控制字 10010000 即用差分方式读X坐标，详细请见有关资料
 100   1              DCLK=1; delay(1); 
 101   1              DCLK=0; delay(1); 
 102   1              pix.y=Read_7843();
 103   1      
 104   1              Write_7843(0xD0);        //送控制字 11010000 即用差分方式读Y坐标 详细请见有关资料
 105   1              DCLK=1; delay(1); 
 106   1              DCLK=0; delay(1); 
 107   1              pix.x=Read_7843();
 108   1      
 109   1              CS=1; 
 110   1              return pix;
 111   1      }
 112          
 113          //================================================================================================
 114          //      实现功能：软件滤波，滤掉波动过大的采样点
 115          //      返回参数：flag 采集数据是否有效标志,flag=1;则数据有效
 116          //================================================================================================
 117          unsigned char pix_filter(struct struct1 pix1,struct struct1 pix2)
C51 COMPILER V7.06   TP                                                                    09/25/2013 08:06:14 PAGE 3   

 118          {
 119   1              unsigned char flag=0;
 120   1              int x=pix1.x>pix2.x?pix1.x-pix2.x:pix2.x-pix1.x;  //X轴两次采样绝对值
 121   1              int y=pix1.y>pix2.y?pix1.y-pix2.y:pix2.y-pix1.y;  //Y轴两次采样绝对值
 122   1              if(x<15&&y<15)                                    //软件滤波，2次取样的值相差太大的视为噪声
 123   1              {
 124   2                      flag=1;
 125   2                      coordinate.x=(pix1.x+pix2.x)/2;               //求两次采样平均值
 126   2                      coordinate.y=(pix1.y+pix2.y)/2;
 127   2              }       
 128   1              return flag;
 129   1      }
 130          
 131          //================================================================================================
 132          //      实现功能：读取采集结果,两次取均值
 133          //================================================================================================
 134          unsigned char Getpix() //取采样值，此处使用软件滤波，2次取样的值相差太大的视为噪声
 135          {
 136   1          unsigned char flag=0;
 137   1              struct struct1 pix1;
 138   1              struct struct1 pix2; 
 139   1      
 140   1              if (Penirq==0)
 141   1                      {       
 142   2                      pix1=AD7843();
 143   2                      pix2=AD7843();
 144   2      
 145   2                              if(pix_filter(pix1,pix2)==1) //得到当前TP的取样值，此处使用软件滤波，2次取样的值相差太大的视为噪声
 146   2                                      {
 147   3                        if((coordinate.x>Xmin)&&(coordinate.y>Ymin))
 148   3                         {
 149   4                                      lx=240.0*(coordinate.x-Xmin)/(Xmax-Xmin);  //坐标转换，即根据采样值计算实际坐标值
 150   4                                          ly=320.0*(coordinate.y-Ymin)/(Ymax-Ymin);  //Xmin、max和Ymin、Ymax分别是触摸屏横纵坐标的最小/最大?
             -?
 151   4                                          flag=1;
 152   4                         }
 153   3                                      }                                
 154   2                      }
 155   1      
 156   1              return flag;    
 157   1      
 158   1      }
 159          
 160          
 161          
 162          


MODULE INFORMATION:   STATIC OVERLAYABLE
   CODE SIZE        =    467    ----
   CONSTANT SIZE    =   ----    ----
   XDATA SIZE       =   ----    ----
   PDATA SIZE       =   ----    ----
   DATA SIZE        =      8      21
   IDATA SIZE       =   ----    ----
   BIT SIZE         =   ----    ----
END OF MODULE INFORMATION.


C51 COMPILATION COMPLETE.  0 WARNING(S),  0 ERROR(S)
