C51 COMPILER V7.06   MAIN                                                                  07/28/2012 15:54:28 PAGE 1   


C51 COMPILER V7.06, COMPILATION OF MODULE MAIN
OBJECT MODULE PLACED IN main.OBJ
COMPILER INVOKED BY: C:\Keil\C51\BIN\C51.EXE main.c BROWSE DEBUG OBJECTEXTEND

stmt level    source

   1          
   2          /***************************************************************************************************    
   3          工程名称：      smg_0~9
   4          功能描述：      控制数码管最低位显示0~9循环变化
   5          硬件连接：  用8位杜邦线将J8与J12连接，2位杜邦线分别将J11_0与J15_DS1、J11_1与J15_DS2连接。
   6          维护记录：  2011-8-22
   7          ***************************************************************************************************/
   8          #include "reg51.h"       //包含头文件
   9          
  10          sbit LE1=P2^0;           //位选573锁存器使能
  11          sbit LE2=P2^1;           //段选573锁存器使能
  12          
  13          
  14          #define uchar unsigned char
  15          #define uint  unsigned int
  16          
  17          uchar code dis[16]={0x3F,0x06,0x5B,0x4F,0x66,0x6D,0x7D,0x07,
  18                             //  0    1    2    3    4    5    6    7    
  19                               0x7F,0x6F,0x77,0x7C,0x39,0x5E,0x79,0x71};//0~F的段码
  20                             //  8    9    A    B    C    D    E    F  
  21          
  22          
  23          //**************************************************************************************************
  24          //延时函数
  25          //**************************************************************************************************
  26          delay(uint time)         //int型数据为16位,所以最大值为65535            
  27           {
  28   1        uint  i,j;             //定义变量i,j,用于循环语句 
  29   1        for(i=0;i<time;i++)    //for循环,循环50*time次
  30   1           for(j=0;j<50;j++);  //for循环,循环50次
  31   1       }
  32          //**************************************************************************************************
  33          //主函数
  34          //**************************************************************************************************
  35          void main()               //主函数
  36          {
  37   1       uchar i; 
  38   1       while(1)                 //进入while死循环
  39   1        {
  40   2           P1=0x7f;             //0x7f=0111 1111,即选通数码管最低位
  41   2           LE1=1;               //锁存位
  42   2           LE1=0;               //断开锁存,位选573的Q7~Q0仍为0x7f
  43   2           
  44   2           for(i=0;i<10;i++)    //如果要实现0～F循环，只需要将10改为16
  45   2            {
  46   3             P1=dis[i];         //0~9的编码
  47   3             LE2=1;             //锁存段码
  48   3             LE2=0;             //断开锁存,段选573的Q7~Q0仍为dis[i]
  49   3             delay(5000);       //延时保持一下
  50   3            }
  51   2         }         
  52   1      }


MODULE INFORMATION:   STATIC OVERLAYABLE
C51 COMPILER V7.06   MAIN                                                                  07/28/2012 15:54:28 PAGE 2   

   CODE SIZE        =     65    ----
   CONSTANT SIZE    =     16    ----
   XDATA SIZE       =   ----    ----
   PDATA SIZE       =   ----    ----
   DATA SIZE        =   ----    ----
   IDATA SIZE       =   ----    ----
   BIT SIZE         =   ----    ----
END OF MODULE INFORMATION.


C51 COMPILATION COMPLETE.  0 WARNING(S),  0 ERROR(S)
