C51 COMPILER V7.06   MAIN                                                                  07/28/2012 15:55:56 PAGE 1   


C51 COMPILER V7.06, COMPILATION OF MODULE MAIN
OBJECT MODULE PLACED IN main.OBJ
COMPILER INVOKED BY: C:\Keil\C51\BIN\C51.EXE main.c BROWSE DEBUG OBJECTEXTEND

stmt level    source

   1          
   2          /***************************************************************************************************    
   3          工程名称：      bz_jp
   4          功能描述：      控制蜂鸣器实现调节音调的节拍
   5          硬件连接：  用1位杜邦线将J10_0与J18_bz连接
   6          维护记录：  2011-8-22
   7          ***************************************************************************************************/
   8          #include<reg51.h>               //包含头文件
   9          sbit BZ=P0^0;                   //定义蜂鸣器控制管脚        
  10          #define uchar unsigned char     
  11          #define uint unsigned int
  12           
  13          uint code SOUNDTONE[]=         //定义7种不同的频率实现7种音调
  14                                {262,294,329,350,392,440,495}; 
  15          uint code SOUNDLONG[]=         //定义7种音调对应的节拍
  16                                {1000,2000,3000,4000,3000,2000,1000}; 
  17          
  18          //**************************************************************************************************
  19          //延时函数
  20          //**************************************************************************************************
  21          delay(uint time)              //int型数据为16位,所以最大值为65535            
  22           {
  23   1        uint  i,j;                  //定义变量i,j,用于循环语句 
  24   1        for(i=0;i<time;i++)         //for循环,循环50*time次
  25   1           for(j=0;j<50;j++);       //for循环,循环50次
  26   1       }
  27          //**************************************************************************************************
  28          //播放音调
  29          //**************************************************************************************************
  30          void Play_jp()                          
  31          {
  32   1        uint Tone,Long;                 //定义音调变量
  33   1        uint i,j,k;                     //定义
  34   1           for(i=0;i<7;i++)                     //7种音调循环
  35   1            {
  36   2                Tone=SOUNDTONE[i];      //读取音调
  37   2                Long=SOUNDLONG[i];      //读取节拍
  38   2                for(j=0;j<Long;j++)     //输出不同节拍
  39   2                 {
  40   3                  BZ=0;                 //关闭蜂鸣器
  41   3                  for(k=0;k<Tone;k++);  //Tone的不同来区分7种音调
  42   3                  BZ=1;                 //打开蜂鸣器
  43   3                  for(k=0;k<Tone;k++);  //Tone的不同来区分7种音调
  44   3              }
  45   2            }
  46   1      }
  47          //**************************************************************************************************
  48          //主函数
  49          //**************************************************************************************************
  50          void main()
  51          {
  52   1       while(1)
  53   1        {
  54   2         Play_jp();                     //播放7种音调
  55   2         BZ=0;                          //关闭蜂鸣器
C51 COMPILER V7.06   MAIN                                                                  07/28/2012 15:55:56 PAGE 2   

  56   2         delay(10000);                  //关闭蜂鸣器时间
  57   2        }
  58   1      }


MODULE INFORMATION:   STATIC OVERLAYABLE
   CODE SIZE        =    161    ----
   CONSTANT SIZE    =     28    ----
   XDATA SIZE       =   ----    ----
   PDATA SIZE       =   ----    ----
   DATA SIZE        =   ----       2
   IDATA SIZE       =   ----    ----
   BIT SIZE         =   ----    ----
END OF MODULE INFORMATION.


C51 COMPILATION COMPLETE.  0 WARNING(S),  0 ERROR(S)
