C51 COMPILER V7.06   MAIN                                                                  07/28/2012 15:57:19 PAGE 1   


C51 COMPILER V7.06, COMPILATION OF MODULE MAIN
OBJECT MODULE PLACED IN main.OBJ
COMPILER INVOKED BY: C:\Keil\C51\BIN\C51.EXE main.c BROWSE DEBUG OBJECTEXTEND

stmt level    source

   1          //公司：北方蓝芯科技开发有限公司
   2          //网址：www.hrbnbc.com
   3          //更多教程可登陆技术论坛www.hrbnbc.com/bbs对应版块下载，
   4          //所有教程一律免费下载
   5          /***************************************************************************************************    
   6          工程名称：      K2
   7          功能描述：      控制继电器通断，同时发出"啪啪"声
   8          硬件连接：  用1位杜邦线将J11_7与J18_K2连接
   9          维护记录：  2011-8-22
  10          ***************************************************************************************************/
  11          #include "reg51.h"       //包含头文件
  12          
  13          sbit K2=P2^7;            //定义继电器控制IO
  14          
  15          #define uchar unsigned char
  16          #define uint  unsigned int
  17          
  18          //**************************************************************************************************
  19          //延时函数
  20          //**************************************************************************************************
  21          delay(uint time)              //int型数据为16位,所以最大值为65535            
  22           {
  23   1        uint  i,j;                  //定义变量i,j,用于循环语句 
  24   1        for(i=0;i<time;i++)         //for循环,循环50*time次
  25   1           for(j=0;j<50;j++);       //for循环,循环50次
  26   1       }
  27          
  28          //**************************************************************************************************
  29          //主函数
  30          //**************************************************************************************************
  31          void main()                   //主函数
  32          {
  33   1           while(1)                 //进入while死循环
  34   1            {
  35   2              K2=0;                 //断开继电器
  36   2              delay(5000);          //延时
  37   2              K2=1;                 //导通继电器
  38   2              delay(5000);          //延时
  39   2            }         
  40   1      }


MODULE INFORMATION:   STATIC OVERLAYABLE
   CODE SIZE        =     48    ----
   CONSTANT SIZE    =   ----    ----
   XDATA SIZE       =   ----    ----
   PDATA SIZE       =   ----    ----
   DATA SIZE        =   ----    ----
   IDATA SIZE       =   ----    ----
   BIT SIZE         =   ----    ----
END OF MODULE INFORMATION.


C51 COMPILATION COMPLETE.  0 WARNING(S),  0 ERROR(S)
