C51 COMPILER V7.06   MAIN                                                                  10/17/2014 21:20:11 PAGE 1   


C51 COMPILER V7.06, COMPILATION OF MODULE MAIN
OBJECT MODULE PLACED IN main.OBJ
COMPILER INVOKED BY: C:\Keil\C51\BIN\C51.EXE main.c BROWSE DEBUG OBJECTEXTEND

stmt level    source

   1          /***************************************************************************************************    
   2          工程名称：      hw_1602
   3          功能描述：  将卡片遮挡红外对管，1602液晶显示遮挡次数，每挡一次，次数加1。 
   4          硬件连接：  将1602液晶接口对应插接到P4接口，注意1-16脚不要插反（有些厂家的液晶顺序是反的）。
   5          维护记录：  2011-8-22
   6          ***************************************************************************************************/
   7          #include "reg51.h"          //包含头文件
   8          #define uchar unsigned char
   9          #define uint  unsigned int
  10          
  11          sbit rs=P2^5;        //命令/数据选择
  12          sbit rw=P2^4;        //读写口
  13          sbit  e=P2^3;        //锁存控制
  14          sbit duiguan=P2^0;   //红外对管
  15           uchar speed; 
  16           sbit S20=P3^6;           //定义S20控制IO，电机转速加大
  17          sbit S18=P3^7;           //定义S18控制IO，电机转速减小
  18          sbit Dcout=P1^0;     
  19          uchar data  dis1[16]={" the number is: "};     //第一行
  20          uint Data[10] = {0x0030,0x0031,0x0032,0x0033,0x0034,0x0035,0x0036,0x0037,0x0038,0x0039}; 
  21          
  22          uchar num;
  23          //**************************************************************************************************
  24          //延时函数
  25          //**************************************************************************************************
  26          delay(uint time)         //int型数据为16位,所以最大值为65535            
  27           {
  28   1        uint  i,j;             //定义变量i,j,用于循环语句 
  29   1        for(i=0;i<time;i++)    //for循环,循环50*time次
  30   1           for(j=0;j<100;j++); //for循环,循环50次
  31   1       }
  32           t0() interrupt 1 using 1
  33          {
  34   1        TH0=0xfc;               //重置定时器初值,定时1ms
  35   1        TL0=0x18;
  36   1         if(num==speed)Dcout=0; //如果进入中断speed次时，Dcout置低，占空比=speed/20,speed越大,则转速越快
  37   1        num++;                  //次数加1
  38   1         if(num==20)            //满20次为一周期，即T=20次*1ms=20ms
  39   1          {
  40   2           num=0;               //重置num为0,开始下一周期
  41   2           Dcout=1;             //Dcout置高
  42   2          }
  43   1      }
  44          T0_init()
  45          {
  46   1         TMOD=0x01;    //0b00000001  用的是定时器0，工作在方式1（16位寄存器）
  47   1                       //要实现定时1ms,(65536-T0)x12/12000000=0.001s得T0=15536即0xfc18
  48   1         TH0=0xfc;     //装定时器初值高8位
  49   1         TL0=0x18;     //装定时器初值低8位
  50   1         TR0=1;        //启动定时器0
  51   1         ET0=1;        //开定时器0中断
  52   1         EA=1;         //开总中断
  53   1      }
  54          //**************************************************************************************************
  55          //向LCD写一命令
C51 COMPILER V7.06   MAIN                                                                  10/17/2014 21:20:11 PAGE 2   

  56          //**************************************************************************************************
  57          wcode(uchar t)
  58          {
  59   1        rs=0;           // 写的是命令
  60   1        rw=0;           // 写状态
  61   1        e=1;            //使能
  62   1        P0=t;           //写入命令 
  63   1        delay(20);      //等待写入,如果时间太短，会导致液晶无法显示
  64   1        e=0;            //数据的锁定
  65   1      }
  66          //**************************************************************************************************
  67          //向LCD写一数据
  68          //**************************************************************************************************
  69          wdata(uchar t)
  70          {
  71   1        rs=1;          // 写的是数据
  72   1        rw=0;          // 写状态
  73   1        e=1;           //使能
  74   1        P0=t;          //写入数据
  75   1        delay(20);     //等待写入,如果时间太短，会导致液晶无法显示
  76   1        e=0;           //数据的锁定
  77   1      }
  78          //**************************************************************************************************
  79          //LCD显示第一行
  80          //**************************************************************************************************
  81          xian1()
  82          {
  83   1        uchar i;
  84   1        wcode(0x80);          //设置第一行显示地址
  85   1        for(i=0;i<16;i++)     //循环16次，写完1行
  86   1          {
  87   2            wdata(dis1[i]);   //写入该行数据
  88   2          }
  89   1      }
  90          //**************************************************************************************************
  91          //LCD显示第二行
  92          //**************************************************************************************************
  93          
  94          xian2()
  95          {
  96   1         uint shi,ge,bai;    
  97   1              if(num<10)          //1位数时
  98   1         {
  99   2              wcode(0xcc);        //设置第二行显示地址
 100   2              wdata(Data[num]);   //显示次数   
 101   2         }
 102   1      
 103   1              if(num>=10)         //2位数时
 104   1         {
 105   2              shi=num/10;         //分离num得到十位数
 106   2              ge=num%10;          //分离num得到个位数
 107   2              wcode(0xcc);        //设置第二行显示地址
 108   2              wdata(Data[shi]);   //显示次数十位数 
 109   2              wdata(Data[ge]);    //显示次数个位数 
 110   2      
 111   2              if(num>=100)        //3位时
 112   2          {
 113   3               
 114   3                       bai=num/100;         //分离num得到百位数            
 115   3                       shi=num%100/10;      //分离num得到十位数         
 116   3                       ge=num%100%10;       //分离num得到个位数
 117   3                       wcode(0xcc);         //设置第二行显示地址 
C51 COMPILER V7.06   MAIN                                                                  10/17/2014 21:20:11 PAGE 3   

 118   3                       wdata(Data[bai]);    //显示次数百位数 
 119   3                       wdata(Data[shi]);    //显示次数十位数 
 120   3               wdata(Data[ge]);     //显示次数个位数  
 121   3              }                         //千位可自行添加
 122   2        }
 123   1      }
 124          
 125          //**************************************************************************************************
 126          //LCD 初始化
 127          //**************************************************************************************************
 128          InitLCD()
 129             {             
 130   1         wcode(0x01);   //清屏
 131   1         wcode(0x06);   //输入方式控制,增量光标不移位
 132   1         wcode(0x0e);   //显示开关控制
 133   1         wcode(0x38);   //功能设定:设置16x2显示，5x7显示,8位数据接口          
 134   1         }  
 135          //**************************************************************************************************
 136          //主函数
 137          //**************************************************************************************************
 138          main()
 139          {
 140   1          InitLCD();          //初始化1602
 141   1          xian1();            //显示第一行     
 142   1          duiguan=1;          //初始化i/0口（红外对管） 
 143   1              T0_init();
 144   1         speed=10;                                  //初始化转速，占空比=speed/20=1/2
 145   1        
 146   1              while(1)
 147   1        {
 148   2          if(duiguan==1)      //判断是否被挡住 （挡住执行）  
 149   2          {
 150   3                delay(20);        //去抖
 151   3            while(duiguan==1);//延时后再判断 若未被挡住执行
 152   3                num++;            //计数加1
 153   3          }
 154   2          xian2();          //显示计数
 155   2      
 156   2             if(S20==0)                             //按键扫描，判断加速键是否按下
 157   2               {   
 158   3                 delay(20);                         //延时消抖
 159   3                 while(S20==0);       //等待按键释放,按一次只能加1，屏蔽此句时，按下按键不松时，会不断递增
 160   3                 if(speed<20)speed++;else speed=0;  //转速加1
 161   3               }
 162   2             
 163   2             if(S18==0)                             //按键扫描，判断减速键是否按下
 164   2               {   
 165   3                 delay(20);                         //延时消抖
 166   3                 while(S18==0);     //等待按键释放,按一次只能减1，屏蔽此句时，按下按键不松时，会不断递减
 167   3                 if(speed>0)speed--;else speed=20;  //转速减1 
 168   3               }           
 169   2        
 170   2      }
 171   1      }


MODULE INFORMATION:   STATIC OVERLAYABLE
   CODE SIZE        =    355    ----
   CONSTANT SIZE    =   ----    ----
   XDATA SIZE       =   ----    ----
   PDATA SIZE       =   ----    ----
   DATA SIZE        =     38       4
C51 COMPILER V7.06   MAIN                                                                  10/17/2014 21:20:11 PAGE 4   

   IDATA SIZE       =   ----    ----
   BIT SIZE         =   ----    ----
END OF MODULE INFORMATION.


C51 COMPILATION COMPLETE.  0 WARNING(S),  0 ERROR(S)
