C51 COMPILER V7.06   MAIN                                                                  07/28/2012 09:29:56 PAGE 1   


C51 COMPILER V7.06, COMPILATION OF MODULE MAIN
OBJECT MODULE PLACED IN main.OBJ
COMPILER INVOKED BY: C:\Keil\C51\BIN\C51.EXE main.c BROWSE DEBUG OBJECTEXTEND

stmt level    source

   1          /***************************************************************************************************    
   2          工程名称：      Light_smg
   3          功能描述：  实现光敏电阻测光强度，数码管低三位显示结果。
   4          硬件连接：  用8位杜邦线将J8与J12连接，2位杜邦线分别将J11_0与J15_DS1、J11_1与J15_DS2连接,
   5                      1位杜邦线将J19_AIN0与J15_DT连接,2位杜邦线分别将J11_7与J17_SDA、J11_6与J17_SCL连接。
   6          维护记录：  2011-8-22
   7          ***************************************************************************************************/
   8          #include "reg51.h"          //包含头文件
   9          #define uchar unsigned char
  10          #define uint  unsigned int
  11          
  12          sbit LE1=P2^0;           //位选573锁存器使能
  13          sbit LE2=P2^1;           //段选573锁存器使能
  14          
  15          extern uchar Read_AD(uchar chn); 
  16          
  17          uchar code dis[16]={0x3F,0x06,0x5B,0x4F,0x66,0x6D,0x7D,0x07,0x7F,0x6F};//0~9的段码
  18                             //  0    1    2    3    4    5    6    7  8    9      
  19          //**************************************************************************************************
  20          //延时函数
  21          //**************************************************************************************************
  22          delay(uint time)         //int型数据为16位,所以最大值为65535            
  23           {
  24   1        uint  i,j;             //定义变量i,j,用于循环语句 
  25   1        for(i=0;i<time;i++)    //for循环,循环50*time次
  26   1           for(j=0;j<100;j++); //for循环,循环50次
  27   1       }
  28          //**************************************************************************************************
  29          //数码管显示函数
  30          //**************************************************************************************************
  31          smg_show(uchar n)
  32          { 
  33   1            //百位
  34   1           P1=0xdf;                 //0xbf=1101 1111,即选通个位
  35   1           LE1=1;                   //锁存位
  36   1           LE1=0;                   //断开锁存,位选573的Q7~Q0仍保持 
  37   1           P1=dis[n/100];            //dis[n/10]为0~9的编码
  38   1           LE2=1;                   //锁存段码
  39   1           LE2=0;                   //断开锁存,段选573的Q7~Q0仍保持
  40   1           delay(10);               //延时保持一下,延时过大会闪动，延时过小会有重影    
  41   1      
  42   1           P1=0x00;LE2=1;LE2=0;     //清除P1口数据，以免造重影
  43   1            //显示十位
  44   1           P1=0xbf;                 //0xbf=1011 1111,即选通个位
  45   1           LE1=1;                   //锁存位
  46   1           LE1=0;                   //断开锁存,位选573的Q7~Q0仍保持 
  47   1           P1=dis[(n%100)/10];            //dis[n/10]为0~9的编码
  48   1           LE2=1;                   //锁存段码
  49   1           LE2=0;                   //断开锁存,段选573的Q7~Q0仍保持
  50   1           delay(10);               //延时保持一下,延时过大会闪动，延时过小会有重影    
  51   1      
  52   1           P1=0x00;LE2=1;LE2=0;     //清除P1口数据，以免造重影
  53   1           //显示个位
  54   1           P1=0x7f;                 //0xbf=0111 1111,即选通十分位
  55   1           LE1=1;                   //锁存位
C51 COMPILER V7.06   MAIN                                                                  07/28/2012 09:29:56 PAGE 2   

  56   1           LE1=0;                   //断开锁存,位选573的Q7~Q0仍保持 
  57   1           P1=dis[n%10];            //0~9的编码
  58   1           LE2=1;                   //锁存段码
  59   1           LE2=0;                   //断开锁存,段选573的Q7~Q0仍保持 
  60   1           delay(10);               //延时保持一下,延时过大会闪动，延时过小会有重影  
  61   1      
  62   1           P1=0x00;LE2=1;LE2=0;     //清除P1口数据，以免造重影   
  63   1                
  64   1      }
  65          //**************************************************************************************************
  66          //主函数
  67          //**************************************************************************************************
  68          void main()
  69          {       
  70   1         uchar temp;
  71   1         while(1)                         //死循环
  72   1          {
  73   2             temp=Read_AD(0);             //采集0通道模拟电压值
  74   2             smg_show(temp);              //显示光强
  75   2      
  76   2              }
  77   1      }


MODULE INFORMATION:   STATIC OVERLAYABLE
   CODE SIZE        =    144    ----
   CONSTANT SIZE    =     16    ----
   XDATA SIZE       =   ----    ----
   PDATA SIZE       =   ----    ----
   DATA SIZE        =   ----       1
   IDATA SIZE       =   ----    ----
   BIT SIZE         =   ----    ----
END OF MODULE INFORMATION.


C51 COMPILATION COMPLETE.  0 WARNING(S),  0 ERROR(S)
