C51 COMPILER V9.01   DS1302                                                                12/10/2015 11:44:53 PAGE 1   


C51 COMPILER V9.01, COMPILATION OF MODULE DS1302
OBJECT MODULE PLACED IN ds1302.OBJ
COMPILER INVOKED BY: d:\Keil\C51\BIN\C51.EXE ds1302.c BROWSE DEBUG OBJECTEXTEND

line level    source

   1          #include <reg52.h>
   2          #include"intrins.h"      //_nop_();延时函数用
   3          #define uchar unsigned char
   4          #define uint unsigned int
   5          
   6          sbit DS1302_SCLK =P1^0;  //时钟
   7          sbit DS1302_IO   =P1^1;  //数据输入输出
   8          sbit DS1302_RST  =P1^2;  //复位/片选线
   9          
  10          struct S_TIME
  11                  {
  12                          uchar SEC;                      //00~59
  13                          uchar MIN;                      //00~59
  14                          uchar HR;                       //00-23
  15                          uchar DATE;                     //00-31
  16                          uchar MONTH;            //01-12
  17                          uchar DAY;                      //01-07
  18                          uchar YEAR;                     //00-99
  19                  }TIME={0x00,0x00,0x00,0x22,0x08,0x22,0x11};//初始化时间参数
  20          
  21          uchar dtime[7][2]={         
  22                               {0x20,0x20},       //秒 十位和个位
  23                                                   {0x20,0x20},   //分 十位和个位
  24                                                   {0x20,0x20},   //时 十位和个位
  25                                                   {0x20,0x20},   //日 十位和个位
  26                                                   {0x20,0x20},   //月 十位和个位
  27                                                   {0x20,0x20},   //周 十位和个位
  28                                                   {0x20,0x20}    //年 十位和个位
  29                                  };
  30          /******************************************************************** 
  31          //函数名称: DS1302_WByte
  32          //函数功能: 往DS1302 写入 1 Byte 数据
  33          //输入值:   ndata: 寄存器的数据或地址
  34          //返回值:   无
  35          ***********************************************************************/
  36            void DS1302_WByte(uchar ndata) 
  37          {  
  38   1        uchar i;
  39   1        for(i=8; i>0; i--)                   //循环8次写入8位数据
  40   1        {
  41   2          DS1302_IO = (bit)(ndata&0x01);     //取最低位数据，从0位至7位依次传送
  42   2          DS1302_SCLK = 1;                   //给一个脉冲，将数据写入1302                 
  43   2          _nop_();
  44   2          DS1302_SCLK = 0;                   
  45   2          ndata>>=1;                         //即ndata = ndata >> 1; 
  46   2        } 
  47   1      }
  48          /******************************************************************** 
  49          //函数名称: DS1302_RByte 
  50          //函数功能: 从DS1302读取 1 Byte数据
  51          //输入值:   无
  52          //返回值:   ndata:读取的数据
  53          ***********************************************************************/
  54            uchar DS1302_RByte(void) 
  55          { 
C51 COMPILER V9.01   DS1302                                                                12/10/2015 11:44:53 PAGE 2   

  56   1         uchar i;
  57   1         uchar ndata=0;
  58   1         for(i=8;i>0;i--)                 //循环8次读出8位数据 
  59   1              {
  60   2               DS1302_IO=1;                   //初始化数据IO
  61   2               ndata>>=1;                             //即ndata = ndata >> 1; 
  62   2               if(DS1302_IO) ndata|=0x80;     //从数据口读取1位数据
  63   2           DS1302_SCLK = 1;               //给一个脉冲
  64   2           _nop_();
  65   2           DS1302_SCLK = 0;                     
  66   2      
  67   2               }
  68   1           return (ndata);                //返回结果
  69   1      }
  70          /******************************************************************** 
  71          //函数名称: DS1302_Wdata 
  72          //函数功能: 往DS1302某地址写入某数据
  73          //输入值:   nAddr: DS1302地址, ndata: 要写的数据
  74          //返回值:   无
  75          ***********************************************************************/
  76          void DS1302_Wdata(uchar nAddr, uchar ndata)
  77          {
  78   1        DS1302_RST=0;              
  79   1        DS1302_SCLK=0;
  80   1        DS1302_RST=1;
  81   1        DS1302_WByte(nAddr);       // 写1Byte地址
  82   1        DS1302_WByte(ndata);       // 写1Byte数据 
  83   1        DS1302_SCLK=1;
  84   1        DS1302_RST=0;
  85   1      } 
  86          /******************************************************************** 
  87          //函数名称: DS1302_Rdata 
  88          //函数功能: 从DS1302某地址读取数据
  89          //输入值:   nAddr: DS1302地址
  90          //返回值:   ndata: 读取的数据
  91          ***********************************************************************/
  92          uchar DS1302_Rdata(uchar nAddr)
  93          {
  94   1          uchar ndata;
  95   1              DS1302_RST=0;
  96   1              DS1302_SCLK=0;
  97   1              DS1302_RST=1;
  98   1          DS1302_WByte(nAddr);       /* 地址，命令 */
  99   1          ndata = DS1302_RByte();    /* 读1Byte数据 */
 100   1          DS1302_SCLK=1;
 101   1              DS1302_RST=0;
 102   1          return(ndata);
 103   1      }
 104          /******************************************************************** 
 105          //函数名称: InitDS1302
 106          //函数功能: DS1302初始时间设定
 107          //输入值:   无
 108          //返回值:   无
 109          ***********************************************************************/
 110          void InitDS1302(void)
 111          {
 112   1      DS1302_Wdata(0x8e,0x00); //控制命令,WP=0,写操作
 113   1      DS1302_Wdata(0x90,0xaa);  
 114   1      /*
 115   1      地址0x90为充电寄存器，可以对充电电流进行限制，写入
 116   1      内容高4位固定为1010（其他组合均不能充电），低4
 117   1      位的首2位是选择内部降压二极管的个数的，01代表在
C51 COMPILER V9.01   DS1302                                                                12/10/2015 11:44:53 PAGE 3   

 118   1      充电回路串入1个二极管，10代表串入2个；最后2位可
 119   1      设定串入的电阻的数值：01为2k欧，10为4k欧，11为8k欧。
 120   1      */
 121   1      DS1302_Wdata(0x80,TIME.SEC);  //秒
 122   1      DS1302_Wdata(0x82,TIME.MIN);  //分
 123   1      DS1302_Wdata(0x84,TIME.HR);   //时
 124   1      DS1302_Wdata(0x86,TIME.DATE); //日
 125   1      DS1302_Wdata(0x88,TIME.MONTH);//月
 126   1      DS1302_Wdata(0x8a,TIME.DAY);  //星期
 127   1      DS1302_Wdata(0x8c,TIME.YEAR); //年
 128   1      
 129   1      DS1302_Wdata(0x8e,0x80); //控制命令,WP=1,写保护
 130   1      }
 131          /******************************************************************** 
 132          //函数名称: GetDS1302
 133          //函数功能: DS1302当前时间读取
 134          //输入值:   无
 135          //返回值:   无
 136          ***********************************************************************/
 137             void GetDS1302(void)
 138                  {
 139   1                      TIME.SEC        = DS1302_Rdata(0x81);    //从DS1302读取秒数据
 140   1              dtime[0][0]=(TIME.SEC>>4)+0x30;      //十位
 141   1                      dtime[0][1]=(TIME.SEC&0x0F)+0x30;    //个位   
 142   1      
 143   1                      TIME.MIN        = DS1302_Rdata(0x83);    //从DS1302读取分数据
 144   1              dtime[1][0]=(TIME.MIN>>4)+0x30;      //十位  
 145   1                      dtime[1][1]=(TIME.MIN&0x0F)+0x30;    //个位
 146   1      
 147   1                      TIME.HR         = DS1302_Rdata(0x85);    //从DS1302读取时数据
 148   1              dtime[2][0]=(TIME.HR>>4)+0x30;       //十位  
 149   1                      dtime[2][1]=(TIME.HR&0x0F)+0x30;     //个位
 150   1      
 151   1                      TIME.DATE       = DS1302_Rdata(0x87);    //从DS1302读取日数据
 152   1              dtime[3][0]=(TIME.DATE>>4)+0x30;     //十位  
 153   1                      dtime[3][1]=(TIME.DATE&0x0F)+0x30;   //个位
 154   1      
 155   1                      TIME.MONTH      = DS1302_Rdata(0x89);    //从DS1302读取月数据
 156   1              dtime[4][0]=(TIME.MONTH>>4)+0x30;    //十位  
 157   1                      dtime[4][1]=(TIME.MONTH&0x0F)+0x30;  //个位
 158   1      
 159   1                      TIME.DAY        = DS1302_Rdata(0x8b);    //从DS1302读取星期数据
 160   1              dtime[5][0]=(TIME.DAY>>4)+0x30;      //十位  
 161   1                      dtime[5][1]=(TIME.DAY&0x0F)+0x30;    //个位
 162   1      
 163   1                      TIME.YEAR       = DS1302_Rdata(0x8d);    //从DS1302读取年数据
 164   1              dtime[6][0]=(TIME.YEAR>>4)+0x30;     //十位  
 165   1                      dtime[6][1]=(TIME.YEAR&0x0F)+0x30;   //个位
 166   1              }
 167          
 168          


MODULE INFORMATION:   STATIC OVERLAYABLE
   CODE SIZE        =    311    ----
   CONSTANT SIZE    =   ----    ----
   XDATA SIZE       =   ----    ----
   PDATA SIZE       =   ----    ----
   DATA SIZE        =     21    ----
   IDATA SIZE       =   ----    ----
   BIT SIZE         =   ----    ----
END OF MODULE INFORMATION.

C51 COMPILER V9.01   DS1302                                                                12/10/2015 11:44:53 PAGE 4   


C51 COMPILATION COMPLETE.  0 WARNING(S),  0 ERROR(S)
