C51 COMPILER V7.06   MAIN                                                                  07/28/2012 15:53:58 PAGE 1   


C51 COMPILER V7.06, COMPILATION OF MODULE MAIN
OBJECT MODULE PLACED IN main.OBJ
COMPILER INVOKED BY: C:\Keil\C51\BIN\C51.EXE main.c DEBUG OBJECTEXTEND

stmt level    source

   1          
   2          /**********************************************************   
   3          工程名称：      led
   4          功能描述：      使用单片机的P1.0口做输出口，点亮一个发光二极管。
   5          硬件连接：  用8位排线将J8与J13连接
   6          维护记录：  2011-8-22
   7          **********************************************************/
   8          #include "reg51.h"    //包含头文件
   9          sbit led=P1^0;        //表示用led等效于P1^0, P1^0就是指头文件里定义的P1寄存器的第0BIT
  10          void main()           //主函数
  11          {
  12   1        led=0;             //低电平驱动发光二极管
  13   1        while(1){}         //进入while死循环
  14   1      }
  15          


MODULE INFORMATION:   STATIC OVERLAYABLE
   CODE SIZE        =      4    ----
   CONSTANT SIZE    =   ----    ----
   XDATA SIZE       =   ----    ----
   PDATA SIZE       =   ----    ----
   DATA SIZE        =   ----    ----
   IDATA SIZE       =   ----    ----
   BIT SIZE         =   ----    ----
END OF MODULE INFORMATION.


C51 COMPILATION COMPLETE.  0 WARNING(S),  0 ERROR(S)
