C51 COMPILER V7.06   MAIN                                                                  07/28/2012 15:59:14 PAGE 1   


C51 COMPILER V7.06, COMPILATION OF MODULE MAIN
OBJECT MODULE PLACED IN main.OBJ
COMPILER INVOKED BY: C:\Keil\C51\BIN\C51.EXE main.c BROWSE DEBUG OBJECTEXTEND

stmt level    source

   1          
   2          /***************************************************************************************************    
   3          工程名称：      IRQ_ext
   4          功能描述：      按下按键S17，LED发光二极管加1
   5          硬件连接：  用8位杜邦线将J8与J13连接,用1位杜邦线将J7_S17与J9_2连接
   6          维护记录：  2011-8-22
   7          ***************************************************************************************************/
   8          #include "reg51.h"       //包含头文件
   9          
  10          #define uchar unsigned char
  11          #define uint  unsigned int
  12           
  13          uchar num;              //定义变量
  14          //**************************************************************************************************
  15          //外部中断0中断子程序
  16          //**************************************************************************************************
  17          int0() interrupt 0 using 1
  18          {
  19   1        num++;       //中断一次加1
  20   1        P1=~num;     //用LED显示
  21   1      }
  22          //**************************************************************************************************
  23          //主函数
  24          //**************************************************************************************************
  25          main()
  26          {
  27   1        IT0=1;       //下降沿触发
  28   1        EX0=1;       //开中断0
  29   1        EA=1;        //开总中断
  30   1      
  31   1        while(1);    //等待中断产生，按下S17按键产生中断信号
  32   1      }


MODULE INFORMATION:   STATIC OVERLAYABLE
   CODE SIZE        =     20    ----
   CONSTANT SIZE    =   ----    ----
   XDATA SIZE       =   ----    ----
   PDATA SIZE       =   ----    ----
   DATA SIZE        =      1    ----
   IDATA SIZE       =   ----    ----
   BIT SIZE         =   ----    ----
END OF MODULE INFORMATION.


C51 COMPILATION COMPLETE.  0 WARNING(S),  0 ERROR(S)
