C51 COMPILER V7.06   MAIN                                                                  07/28/2012 10:17:08 PAGE 1   


C51 COMPILER V7.06, COMPILATION OF MODULE MAIN
OBJECT MODULE PLACED IN main.OBJ
COMPILER INVOKED BY: C:\Keil\C51\BIN\C51.EXE main.c BROWSE DEBUG OBJECTEXTEND

stmt level    source

   1          /***************************************************************************************************    
   2          工程名称：      1602
   3          功能描述：  实现1602液晶显示，液晶第一行显示"  Welcome  To  "，第二行显示" www.hfwhdz.com "。
   4          硬件连接：  将1602液晶接口对应插接到P4接口，注意1-16脚不要插反（有些厂家的液晶顺序是反的）。
   5          维护记录：  2011-8-22
   6          ***************************************************************************************************/
   7          #include "reg51.h"          //包含头文件
   8          #define uchar unsigned char
   9          #define uint  unsigned int
  10          
  11          sbit rs=P2^5;    //命令/数据选择
  12          sbit rw=P2^4;    //读写口
  13          sbit  e=P2^3;    //锁存控制
  14          
  15          uchar data  dis1[16]={"   Welcome To   "};     //显示两行
  16          uchar data  dis2[16]={" www.hfwhdz.com "};
  17          
  18          //**************************************************************************************************
  19          //延时函数
  20          //**************************************************************************************************
  21          delay(uint time)         //int型数据为16位,所以最大值为65535            
  22           {
  23   1        uint  i,j;             //定义变量i,j,用于循环语句 
  24   1        for(i=0;i<time;i++)    //for循环,循环50*time次
  25   1           for(j=0;j<100;j++); //for循环,循环50次
  26   1       }
  27          //**************************************************************************************************
  28          //向LCD写一命令
  29          //**************************************************************************************************
  30          wcode(uchar t)
  31          {
  32   1        rs=0;           // 写的是命令
  33   1        rw=0;           // 写状态
  34   1        e=1;            //使能
  35   1        P0=t;           //写入命令 
  36   1        delay(20);      //等待写入,如果时间太短，会导致液晶无法显示
  37   1        e=0;            //数据的锁定
  38   1      }
  39          //**************************************************************************************************
  40          //向LCD写一数据
  41          //**************************************************************************************************
  42          wdata(uchar t)
  43          {
  44   1        rs=1;          // 写的是数据
  45   1        rw=0;          // 写状态
  46   1        e=1;           //使能
  47   1        P0=t;          //写入数据
  48   1        delay(20);     //等待写入,如果时间太短，会导致液晶无法显示
  49   1        e=0;           //数据的锁定
  50   1      }
  51          //**************************************************************************************************
  52          //LCD显示第一行
  53          //**************************************************************************************************
  54          xian1()
  55          {
C51 COMPILER V7.06   MAIN                                                                  07/28/2012 10:17:08 PAGE 2   

  56   1        uchar i;
  57   1        wcode(0x80);          //设置第一行显示地址
  58   1        for(i=0;i<16;i++)     //循环16次，写完1行
  59   1          {
  60   2            wdata(dis1[i]);   //写入该行数据
  61   2          }
  62   1      }
  63          //**************************************************************************************************
  64          //LCD显示第二行
  65          //**************************************************************************************************
  66          xian2()
  67          {
  68   1         uchar i;
  69   1         wcode(0xc0);        //设置第二行显示地址
  70   1         for(i=0;i<16;i++)   //循环16次，写完1行
  71   1          {
  72   2            wdata(dis2[i]);  //写入该行数据
  73   2          }
  74   1      }
  75          //**************************************************************************************************
  76          //LCD 初始化
  77          //**************************************************************************************************
  78          InitLCD()
  79             {             
  80   1         wcode(0x01);   //清屏
  81   1         wcode(0x06);   //输入方式控制,增量光标不移位
  82   1         wcode(0x0e);   //显示开关控制
  83   1         wcode(0x38);   //功能设定:设置16x2显示，5x7显示,8位数据接口          
  84   1         }  
  85          //**************************************************************************************************
  86          //主函数
  87          //**************************************************************************************************
  88          main()
  89          {  
  90   1         uchar i;
  91   1         InitLCD();      //初始化1602  
  92   1         xian1();            //显示第一行        
  93   1         xian2();        //显示第二行            
  94   1         while(1)        //进入死循环，防止看门狗复位
  95   1          {
  96   2           for(i=0;i<16;i++)
  97   2             {
  98   3              wcode(0x18); //每输入一次码，向左移位一次
  99   3              delay(3000); //滚动速度设置
 100   3             }
 101   2          }
 102   1      }


MODULE INFORMATION:   STATIC OVERLAYABLE
   CODE SIZE        =    149    ----
   CONSTANT SIZE    =   ----    ----
   XDATA SIZE       =   ----    ----
   PDATA SIZE       =   ----    ----
   DATA SIZE        =     32    ----
   IDATA SIZE       =   ----    ----
   BIT SIZE         =   ----    ----
END OF MODULE INFORMATION.


C51 COMPILATION COMPLETE.  0 WARNING(S),  0 ERROR(S)
