C51 COMPILER V9.01   MAIN                                                                  11/21/2015 18:06:36 PAGE 1   


C51 COMPILER V9.01, COMPILATION OF MODULE MAIN
OBJECT MODULE PLACED IN main.OBJ
COMPILER INVOKED BY: d:\Keil\C51\BIN\C51.EXE main.c BROWSE DEBUG OBJECTEXTEND

line level    source

   1          /***************************************************************************************************    
   2          工程名称：      DS1302_serial
   3          功能描述：      读取DS1302中的秒数据，通过串口发送到PC上，PC机上使用串口调试助手，波特率1200bps。
   4          硬件连接：  用3位杜邦线分别将J8_0与J7_CLK、J8_1与J7_I/O、J8_2与J7_RST连接,使用USB转串口，无需接串线
   5          维护记录：  2011-8-22
   6          ***************************************************************************************************/
   7          //声明外部函数
   8          extern init_com();                         
   9          extern void send_char(unsigned char a);    //向串口发送字符串 
  10          extern InitDS1302();                       //初始化时钟
  11          extern GetDS1302();                        //提取时钟参数
  12          
  13          #define uchar unsigned char
  14          #define uint  unsigned int
  15          //声明外部变量
  16          extern struct S_TIME
  17                  {
  18                          uchar SEC;                      //00~59
  19                          uchar MIN;                      //00~59
  20                          uchar HR;                       //00-23
  21                          uchar DATE;                     //00-31
  22                          uchar MONTH;            //01-12
  23                          uchar DAY;                      //01-07
  24                          uchar YEAR;                     //00-99
  25                  }TIME;
  26          
  27          //**************************************************************************************************
  28          //延时
  29          //**************************************************************************************************
  30          void delay(uint time)              //int型数据为16位,所以最大值为65535            
  31           {
  32   1        uint  i,j;                  //定义变量i,j,用于循环语句 
  33   1        for(i=0;i<time;i++)         //for循环,循环50*time次
  34   1           for(j=0;j<100;j++);       //for循环,循环50次
  35   1       }
  36          //**************************************************************************************************
  37          //主函数
  38          //**************************************************************************************************
  39          void main(void)
  40          {
  41   1         init_com();              //初始化串口
  42   1         InitDS1302();            //初始化时钟
  43   1          while(1)
  44   1           {
  45   2            GetDS1302();          //提取时钟参数
  46   2            send_char(TIME.SEC);  //将读到的秒参数从串口发出 
  47   2            delay(1000);          //延时
  48   2           } 
  49   1      }


MODULE INFORMATION:   STATIC OVERLAYABLE
   CODE SIZE        =     55    ----
   CONSTANT SIZE    =   ----    ----
   XDATA SIZE       =   ----    ----
C51 COMPILER V9.01   MAIN                                                                  11/21/2015 18:06:36 PAGE 2   

   PDATA SIZE       =   ----    ----
   DATA SIZE        =   ----    ----
   IDATA SIZE       =   ----    ----
   BIT SIZE         =   ----    ----
END OF MODULE INFORMATION.


C51 COMPILATION COMPLETE.  0 WARNING(S),  0 ERROR(S)
