C51 COMPILER V9.01   SERIAL                                                                11/21/2015 18:06:36 PAGE 1   


C51 COMPILER V9.01, COMPILATION OF MODULE SERIAL
OBJECT MODULE PLACED IN serial.OBJ
COMPILER INVOKED BY: d:\Keil\C51\BIN\C51.EXE serial.c BROWSE DEBUG OBJECTEXTEND

line level    source

   1          #include "reg51.h"       //包含头文件
   2          
   3          #define uchar unsigned char
   4          #define uint  unsigned int
   5           
   6          uchar ch;               //用于存放串口接收到的数据
   7          bit read_flag= 0 ;      //取数标志位 
   8          
   9          //**************************************************************************************************
  10          //初始化串口
  11          //**************************************************************************************************
  12          void init_com( void ) 
  13          
  14          { 
  15   1        SCON = 0x50;   // 设定通信方式为方式1，允许接收，相当于REN = 1; SM1 = 1;   
  16   1        PCON = 0x00;   //SMOD=0，该语句可去掉
  17   1        IE |= 0x90 ;   //打开串口中断， 相当于 EA = 1;ES = 1;  
  18   1      
  19   1        //以下4句设置T1
  20   1        TMOD = 0x20;   // 定时器1工作于8位自动重载模式, 用于产生波特率
  21   1        TH1=0xE6;      //定时器0赋初值，TH1=(256 - (12000000 / (32 * 12 * 1200)))=230;
  22   1        TL1=0xE6;      //TL1=(256 - (12000000 / (32 * 12 * 1200)))=230;
  23   1        TR1 = 1;       //启动T1
  24   1       
  25   1      } 
  26          //**************************************************************************************************
  27          //串口中断函数
  28          //**************************************************************************************************
  29          void serial () interrupt 4 using 3 
  30          
  31          { 
  32   1          if (RI) 
  33   1      
  34   1             {  
  35   2              RI = 0 ;       //此步必不可少,因为硬件不能将其置0   
  36   2              ch=SBUF;       //从SBUF中取出数据       
  37   2              read_flag= 1 ; //就置位取数标志 
  38   2              }
  39   1      
  40   1      } 
  41          //**************************************************************************************************
  42          //串口发送函数
  43          //**************************************************************************************************
  44          void send_char( unsigned char ch1) 
  45          
  46                   { 
  47   1                  SBUF=ch1;       //将待发数据放到SBUF 
  48   1                  while (TI== 0); //等待TI＝1（表示帧发送结束）发送
  49   1                  TI= 0 ;         //此步必不可少,因为硬件不能将其置0  
  50   1      
  51   1                } 
  52          
  53           


C51 COMPILER V9.01   SERIAL                                                                11/21/2015 18:06:36 PAGE 2   

MODULE INFORMATION:   STATIC OVERLAYABLE
   CODE SIZE        =     40    ----
   CONSTANT SIZE    =   ----    ----
   XDATA SIZE       =   ----    ----
   PDATA SIZE       =   ----    ----
   DATA SIZE        =      1    ----
   IDATA SIZE       =   ----    ----
   BIT SIZE         =      1    ----
END OF MODULE INFORMATION.


C51 COMPILATION COMPLETE.  0 WARNING(S),  0 ERROR(S)
