C51 COMPILER V7.06   PCF8591                                                               10/14/2014 21:10:35 PAGE 1   


C51 COMPILER V7.06, COMPILATION OF MODULE PCF8591
OBJECT MODULE PLACED IN PCF8591.OBJ
COMPILER INVOKED BY: C:\Keil\C51\BIN\C51.EXE PCF8591.c BROWSE DEBUG OBJECTEXTEND

stmt level    source

   1          /***************************************************************************************************    
   2          工程名称：      AD_LED
   3          功能描述：      向EEPROM连续存储多个字节数据，然后读取出来并在发光二极管上显示,实现流水灯功能。
   4          硬件连接：  用8位杜邦线将J8与J12连接，2位杜邦线分别将P2.0与J15_DS1、P2.1与J15_DS2连接
   5          维护记录：  2011-8-22
   6          ***************************************************************************************************/
   7          /***************************************************************************************************    
   8          工程名称：      AD_1602
   9          功能描述：  AD采集0通道的模拟电压值，通过1602液晶显示电压值。
  10          硬件连接：  用8位杜邦线将J8与J12连接，2位杜邦线分别将J11_7与J17_SDA、J11_6与J17_SCL连接。
  11                      用1位跳帽短接J19的AIN0与VIN。将1602液晶接口对应插接到P3接口，注意1-16脚不要插反。
  12          维护记录：  2011-8-22
  13          ***************************************************************************************************/
  14          
  15          #include "reg51.h"      //包含头文件
  16          #include"intrins.h"     //_nop_();延时函数用
  17          
  18          sbit sda=P2^7;          //数据线
  19          sbit scl=P2^6;          //时钟线
  20          
  21          #define uchar unsigned char
  22          #define uint  unsigned int
  23          
  24          uchar temp[8]={0x01,0x02,0x04,0x08,0x10,0x20,0x40,0x80};
  25          uchar temp1[8];
  26          
  27          
  28          extern delay(uint time); 
  29          //**************************************************************************************************
  30          //启动(SCL为高，SDA由高变为低是一个开始条件)
  31          //**************************************************************************************************
  32          void start()  
  33          {       
  34   1              sda=1;    //数据线置高,
  35   1              _nop_();  //延时
  36   1              scl=1;    //时钟线置高
  37   1              _nop_();  //延时
  38   1              sda=0;    //数据线置低,由高变低
  39   1              _nop_();  //延时
  40   1              scl=0;    //时钟线置低,准备发送或接收数据,总线进入忙状态(I2C总线在空闲状态时，SDA与SCL均被置高)
  41   1              _nop_();  //延时
  42   1      }
  43          //**************************************************************************************************
  44          //停止（SCL为高，SDA由低变为高是一个结束条件）
  45          //**************************************************************************************************
  46          void stop()   
  47          {
  48   1              sda=0;                   //数据线置低
  49   1              _nop_();                 //延时
  50   1              scl=1;                   //时钟线置高
  51   1              _nop_();                 //延时
  52   1              sda=1;                   //数据线置高，由低变高
  53   1              _nop_();                 //延时
  54   1      }
  55          //**************************************************************************************************
C51 COMPILER V7.06   PCF8591                                                               10/14/2014 21:10:35 PAGE 2   

  56          //检测应答(所有的地址和数据字都是以8bit,在第9个时钟周期，从器件发出"0"信号来作为收到一个字的应答信号)
  57          //**************************************************************************************************
  58          void checkACK()                   //主器件检测从器件是否返回应答
  59          {
  60   1              scl=1;                        //时钟线置高
  61   1              _nop_();                      //延时
  62   1              while(sda==1);                //等待第9个时钟周期器件发出的响应信号"0"
  63   1              scl=0;                        //时钟线置低
  64   1              _nop_();                      //延时
  65   1      }
  66          //**************************************************************************************************
  67          //发送应答(发送方为主器件，接收方为从器件，控制器作为从器件接收完1数据时，发送应答信号
  68          //**************************************************************************************************
  69          void sendACK(bit ACK)                   
  70          {
  71   1          if(ACK)sda=1;            //如果i位为1则发送1,即发送"非应答信号"
  72   1            else sda=0;            //如果i位为0则发送0,即发送"应答信号"       
  73   1          scl=1;                   //时钟线置高,给一个脉冲
  74   1              _nop_();                 //延时
  75   1              scl=0;                   //时钟线置低
  76   1              _nop_();                 //延时
  77   1      }
  78          //**************************************************************************************************
  79          //写一字节
  80          //**************************************************************************************************
  81          void send_byte(uchar date)       //写一个8位字
  82          {
  83   1              uchar i,temp;                //定义局部变量
  84   1              temp=date;                   //待发8位数据赋予temp
  85   1              for(i=0;i<8;i++)             //循环8次，每次写入1位，从最高位开始发送
  86   1              {
  87   2              if(temp&0x80)sda=1;      //如果temp最高位为1则发送1
  88   2                else sda=0;            //如果temp最高位为0则发送0
  89   2                  _nop_();                 //延时
  90   2                      scl=1;                   //给一个脉冲，发送sda当前这位数据
  91   2                      _nop_();                 //延时,需大于4us(参考数据手册时序图) 
  92   2                      _nop_();              
  93   2                      _nop_();                 
  94   2                      _nop_();                 
  95   2                      _nop_();                
  96   2                      scl=0;                   //时钟线置低,准备下一脉冲
  97   2                  _nop_();                 //延时,需大于4.7us(参考数据手册时序图) 
  98   2                      _nop_();              
  99   2                      _nop_();                 
 100   2                      _nop_();                 
 101   2                      _nop_();  
 102   2                      temp=temp<<1;            //左移1位，准备好下1位待发送的数据
 103   2              }
 104   1              checkACK();                  //查询是否返回应答信号
 105   1      }
 106          //**************************************************************************************************
 107          //读一字节
 108          //**************************************************************************************************
 109          uchar receive_byte()         //读一个8位字
 110          {
 111   1              uchar i,temp;            //定义局部变量
 112   1              sda=1;                   //设置数据线为输入
 113   1              _nop_();                 //延时
 114   1              for(i=0;i<8;i++)         //循环8次，每次读取1位，从最高位开始接收
 115   1              {
 116   2                      scl=1;               //给一脉冲，准备发送1位数据            
 117   2                      _nop_();             //延时,需大于4us(参考数据手册时序图) 
C51 COMPILER V7.06   PCF8591                                                               10/14/2014 21:10:35 PAGE 3   

 118   2                      _nop_();              
 119   2                      _nop_();                 
 120   2                      _nop_();                 
 121   2                      _nop_();
 122   2                      temp=(temp<<1)|sda;  //读取1位数据,放在temp最低位
 123   2                      scl=0;               //准备给下1个脉冲
 124   2                  _nop_();             //延时,需大于4.7us(参考数据手册时序图) 
 125   2                      _nop_();              
 126   2                      _nop_();                 
 127   2                      _nop_();                 
 128   2                      _nop_();       
 129   2              }
 130   1          sendACK(0);              //发送应答信号
 131   1              return temp;             //返回读取的8位数据
 132   1      }
 133          //**************************************************************************************************
 134          //读取AD转换结果数据
 135          //**************************************************************************************************
 136          uchar Read_AD(uchar chn)
 137           {
 138   1         uchar  ad_data;          //定义变量，存放转换结果
 139   1         start();                 //启动总线
 140   1         send_byte(0x90);         //选择从器件地址,RW位为0，即选择写命令
 141   1         send_byte(0x40|chn);     //寄存器设置，0通道
 142   1         
 143   1         start();                 //启动I2C总线
 144   1         send_byte(0x91);         //选择从器件地址,RW位为1，即选择读命令
 145   1      
 146   1         ad_data=receive_byte();  //读取转换结果
 147   1         sendACK(1);              //发送非应答信号
 148   1         stop();                  //停止 
 149   1         return(ad_data);
 150   1       }


MODULE INFORMATION:   STATIC OVERLAYABLE
   CODE SIZE        =    163    ----
   CONSTANT SIZE    =   ----    ----
   XDATA SIZE       =   ----    ----
   PDATA SIZE       =   ----    ----
   DATA SIZE        =     16    ----
   IDATA SIZE       =   ----    ----
   BIT SIZE         =   ----       1
END OF MODULE INFORMATION.


C51 COMPILATION COMPLETE.  0 WARNING(S),  0 ERROR(S)
